[0.768s] Invoking command in '/home/qtl/ros2book/chapt2/chapt2_ws/src/demo_python_pkg': AMENT_PREFIX_PATH=/home/qtl/ros2book/chapt2/chapt2_ws/install/demo_cpp_pkg:${AMENT_PREFIX_PATH} CMAKE_PREFIX_PATH=/home/qtl/ros2book/chapt2/chapt2_ws/install/demo_cpp_pkg:${CMAKE_PREFIX_PATH} PYTHONPATH=/home/qtl/ros2book/chapt2/chapt2_ws/build/demo_python_pkg/prefix_override:/usr/lib/python3/dist-packages/colcon_core/task/python/colcon_distutils_commands:/home/qtl/ros2book/chapt2/chapt2_ws/install/demo_python_pkg/lib/python3.14/site-packages:${PYTHONPATH} /usr/bin/python3 -W ignore:setup.py install is deprecated -W ignore:easy_install command is deprecated setup.py egg_info --egg-base ../../build/demo_python_pkg build --build-base /home/qtl/ros2book/chapt2/chapt2_ws/build/demo_python_pkg/build install --record /home/qtl/ros2book/chapt2/chapt2_ws/build/demo_python_pkg/install.log --install-scripts $base/lib/demo_python_pkg --single-version-externally-managed install_data
[0.940s] running egg_info
[0.950s] writing ../../build/demo_python_pkg/demo_python_pkg.egg-info/PKG-INFO
[0.951s] writing dependency_links to ../../build/demo_python_pkg/demo_python_pkg.egg-info/dependency_links.txt
[0.951s] writing entry points to ../../build/demo_python_pkg/demo_python_pkg.egg-info/entry_points.txt
[0.951s] writing requirements to ../../build/demo_python_pkg/demo_python_pkg.egg-info/requires.txt
[0.951s] writing top-level names to ../../build/demo_python_pkg/demo_python_pkg.egg-info/top_level.txt
[0.974s] reading manifest file '../../build/demo_python_pkg/demo_python_pkg.egg-info/SOURCES.txt'
[0.975s] adding license file 'LICENSE'
[0.976s] writing manifest file '../../build/demo_python_pkg/demo_python_pkg.egg-info/SOURCES.txt'
[0.976s] running build
[0.976s] running build_py
[0.976s] copying demo_python_pkg/python_node.py -> /home/qtl/ros2book/chapt2/chapt2_ws/build/demo_python_pkg/build/lib/demo_python_pkg
[0.977s] copying demo_python_pkg/person_node.py -> /home/qtl/ros2book/chapt2/chapt2_ws/build/demo_python_pkg/build/lib/demo_python_pkg
[0.977s] copying demo_python_pkg/__init__.py -> /home/qtl/ros2book/chapt2/chapt2_ws/build/demo_python_pkg/build/lib/demo_python_pkg
[0.977s] copying demo_python_pkg/py.typed -> /home/qtl/ros2book/chapt2/chapt2_ws/build/demo_python_pkg/build/lib/demo_python_pkg
[0.978s] running install
[0.980s] running install_lib
[0.990s] copying /home/qtl/ros2book/chapt2/chapt2_ws/build/demo_python_pkg/build/lib/demo_python_pkg/person_node.py -> /home/qtl/ros2book/chapt2/chapt2_ws/install/demo_python_pkg/lib/python3.14/site-packages/demo_python_pkg
[0.991s] byte-compiling /home/qtl/ros2book/chapt2/chapt2_ws/install/demo_python_pkg/lib/python3.14/site-packages/demo_python_pkg/person_node.py to person_node.cpython-314.pyc
[0.991s] running install_data
[0.991s] copying resource/demo_python_pkg -> /home/qtl/ros2book/chapt2/chapt2_ws/install/demo_python_pkg/share/ament_index/resource_index/packages
[0.992s] copying package.xml -> /home/qtl/ros2book/chapt2/chapt2_ws/install/demo_python_pkg/share/demo_python_pkg
[0.992s] running install_egg_info
[1.001s] removing '/home/qtl/ros2book/chapt2/chapt2_ws/install/demo_python_pkg/lib/python3.14/site-packages/demo_python_pkg-0.0.0-py3.14.egg-info' (and everything under it)
[1.002s] Copying ../../build/demo_python_pkg/demo_python_pkg.egg-info to /home/qtl/ros2book/chapt2/chapt2_ws/install/demo_python_pkg/lib/python3.14/site-packages/demo_python_pkg-0.0.0-py3.14.egg-info
[1.004s] running install_scripts
[1.065s] Installing person_node script to /home/qtl/ros2book/chapt2/chapt2_ws/install/demo_python_pkg/lib/demo_python_pkg
[1.065s] Installing python_node script to /home/qtl/ros2book/chapt2/chapt2_ws/install/demo_python_pkg/lib/demo_python_pkg
[1.065s] writing list of installed files to '/home/qtl/ros2book/chapt2/chapt2_ws/build/demo_python_pkg/install.log'
[1.084s] Invoked command in '/home/qtl/ros2book/chapt2/chapt2_ws/src/demo_python_pkg' returned '0': AMENT_PREFIX_PATH=/home/qtl/ros2book/chapt2/chapt2_ws/install/demo_cpp_pkg:${AMENT_PREFIX_PATH} CMAKE_PREFIX_PATH=/home/qtl/ros2book/chapt2/chapt2_ws/install/demo_cpp_pkg:${CMAKE_PREFIX_PATH} PYTHONPATH=/home/qtl/ros2book/chapt2/chapt2_ws/build/demo_python_pkg/prefix_override:/usr/lib/python3/dist-packages/colcon_core/task/python/colcon_distutils_commands:/home/qtl/ros2book/chapt2/chapt2_ws/install/demo_python_pkg/lib/python3.14/site-packages:${PYTHONPATH} /usr/bin/python3 -W ignore:setup.py install is deprecated -W ignore:easy_install command is deprecated setup.py egg_info --egg-base ../../build/demo_python_pkg build --build-base /home/qtl/ros2book/chapt2/chapt2_ws/build/demo_python_pkg/build install --record /home/qtl/ros2book/chapt2/chapt2_ws/build/demo_python_pkg/install.log --install-scripts $base/lib/demo_python_pkg --single-version-externally-managed install_data
