[0.011s] Invoking command in '/home/qtl/ros2book/chapt2/chapt2_ws/build/demo_cpp_pkg': CMAKE_PREFIX_PATH=${CMAKE_PREFIX_PATH}:/home/qtl/ros2book/chapt2/chapt2_ws/install/demo_python_pkg:/opt/ros/lyrical /usr/bin/cmake --build /home/qtl/ros2book/chapt2/chapt2_ws/build/demo_cpp_pkg -- -j32 -l32
[0.038s] -- Found ament_cmake: 2.8.8 (/opt/ros/lyrical/share/ament_cmake/cmake)
[0.181s] -- Found rclcpp: 32.0.2 (/opt/ros/lyrical/share/rclcpp/cmake)
[0.196s] -- Found rosidl_generator_c: 5.2.1 (/opt/ros/lyrical/share/rosidl_generator_c/cmake)
[0.199s] -- Found rosidl_generator_cpp: 5.2.1 (/opt/ros/lyrical/share/rosidl_generator_cpp/cmake)
[0.205s] -- Using all available rosidl_typesupport_c: rosidl_typesupport_fastrtps_c;rosidl_typesupport_introspection_c
[0.213s] -- Using all available rosidl_typesupport_cpp: rosidl_typesupport_fastrtps_cpp;rosidl_typesupport_introspection_cpp
[0.251s] -- Found rmw_implementation_cmake: 7.10.1 (/opt/ros/lyrical/share/rmw_implementation_cmake/cmake)
[0.252s] -- Found rmw_fastrtps_cpp: 9.4.9 (/opt/ros/lyrical/share/rmw_fastrtps_cpp/cmake)
[0.269s] -- Using RMW implementation 'rmw_fastrtps_cpp' as default
[0.312s] -- Found ament_lint_auto: 0.20.6 (/opt/ros/lyrical/share/ament_lint_auto/cmake)
[0.408s] -- Added test 'cppcheck' to perform static code analysis on C / C++ code
[0.408s] -- Configured cppcheck include dirs: 
[0.408s] -- Configured cppcheck exclude dirs and/or files: 
[0.410s] -- Added test 'flake8' to check Python code syntax and style conventions
[0.410s] -- Configured 'flake8' exclude dirs and/or files: 
[0.415s] -- Added test 'lint_cmake' to check CMake code style
[0.418s] -- Added test 'pep257' to check Python code against some of the docstring style conventions in PEP 257
[0.435s] -- Added test 'uncrustify' to check C / C++ code style
[0.435s] -- Configured uncrustify additional arguments: 
[0.437s] -- Added test 'xmllint' to check XML markup files
[0.438s] -- Configuring done (0.4s)
[0.457s] -- Generating done (0.0s)
[0.483s] -- Build files have been written to: /home/qtl/ros2book/chapt2/chapt2_ws/build/demo_cpp_pkg
[0.515s] [ 30%] Built target learn_lambda
[0.516s] [ 50%] Built target learn_auto
[0.516s] [ 60%] Built target learn_shared_ptr
[0.523s] [100%] Built target cpp_node
[0.523s] [100%] Built target person_node
[0.534s] Invoked command in '/home/qtl/ros2book/chapt2/chapt2_ws/build/demo_cpp_pkg' returned '0': CMAKE_PREFIX_PATH=${CMAKE_PREFIX_PATH}:/home/qtl/ros2book/chapt2/chapt2_ws/install/demo_python_pkg:/opt/ros/lyrical /usr/bin/cmake --build /home/qtl/ros2book/chapt2/chapt2_ws/build/demo_cpp_pkg -- -j32 -l32
[0.542s] Invoking command in '/home/qtl/ros2book/chapt2/chapt2_ws/build/demo_cpp_pkg': CMAKE_PREFIX_PATH=${CMAKE_PREFIX_PATH}:/home/qtl/ros2book/chapt2/chapt2_ws/install/demo_python_pkg:/opt/ros/lyrical /usr/bin/cmake --install /home/qtl/ros2book/chapt2/chapt2_ws/build/demo_cpp_pkg
[0.548s] -- Install configuration: ""
[0.548s] -- Up-to-date: /home/qtl/ros2book/chapt2/chapt2_ws/install/demo_cpp_pkg/lib/demo_cpp_pkg/cpp_node
[0.548s] -- Up-to-date: /home/qtl/ros2book/chapt2/chapt2_ws/install/demo_cpp_pkg/lib/demo_cpp_pkg/person_node
[0.549s] -- Installing: /home/qtl/ros2book/chapt2/chapt2_ws/install/demo_cpp_pkg/lib/demo_cpp_pkg/learn_auto
[0.550s] -- Installing: /home/qtl/ros2book/chapt2/chapt2_ws/install/demo_cpp_pkg/lib/demo_cpp_pkg/learn_shared_ptr
[0.551s] -- Installing: /home/qtl/ros2book/chapt2/chapt2_ws/install/demo_cpp_pkg/lib/demo_cpp_pkg/learn_lambda
[0.551s] -- Up-to-date: /home/qtl/ros2book/chapt2/chapt2_ws/install/demo_cpp_pkg/share/ament_index/resource_index/package_run_dependencies/demo_cpp_pkg
[0.551s] -- Up-to-date: /home/qtl/ros2book/chapt2/chapt2_ws/install/demo_cpp_pkg/share/ament_index/resource_index/parent_prefix_path/demo_cpp_pkg
[0.551s] -- Up-to-date: /home/qtl/ros2book/chapt2/chapt2_ws/install/demo_cpp_pkg/share/demo_cpp_pkg/environment/ament_prefix_path.sh
[0.551s] -- Up-to-date: /home/qtl/ros2book/chapt2/chapt2_ws/install/demo_cpp_pkg/share/demo_cpp_pkg/environment/ament_prefix_path.dsv
[0.552s] -- Up-to-date: /home/qtl/ros2book/chapt2/chapt2_ws/install/demo_cpp_pkg/share/demo_cpp_pkg/environment/path.sh
[0.552s] -- Up-to-date: /home/qtl/ros2book/chapt2/chapt2_ws/install/demo_cpp_pkg/share/demo_cpp_pkg/environment/path.dsv
[0.552s] -- Up-to-date: /home/qtl/ros2book/chapt2/chapt2_ws/install/demo_cpp_pkg/share/demo_cpp_pkg/local_setup.bash
[0.552s] -- Up-to-date: /home/qtl/ros2book/chapt2/chapt2_ws/install/demo_cpp_pkg/share/demo_cpp_pkg/local_setup.fish
[0.552s] -- Up-to-date: /home/qtl/ros2book/chapt2/chapt2_ws/install/demo_cpp_pkg/share/demo_cpp_pkg/local_setup.sh
[0.552s] -- Up-to-date: /home/qtl/ros2book/chapt2/chapt2_ws/install/demo_cpp_pkg/share/demo_cpp_pkg/local_setup.zsh
[0.552s] -- Up-to-date: /home/qtl/ros2book/chapt2/chapt2_ws/install/demo_cpp_pkg/share/demo_cpp_pkg/local_setup.dsv
[0.552s] -- Installing: /home/qtl/ros2book/chapt2/chapt2_ws/install/demo_cpp_pkg/share/demo_cpp_pkg/package.dsv
[0.552s] -- Up-to-date: /home/qtl/ros2book/chapt2/chapt2_ws/install/demo_cpp_pkg/share/ament_index/resource_index/packages/demo_cpp_pkg
[0.552s] -- Up-to-date: /home/qtl/ros2book/chapt2/chapt2_ws/install/demo_cpp_pkg/share/demo_cpp_pkg/cmake/demo_cpp_pkgConfig.cmake
[0.552s] -- Up-to-date: /home/qtl/ros2book/chapt2/chapt2_ws/install/demo_cpp_pkg/share/demo_cpp_pkg/cmake/demo_cpp_pkgConfig-version.cmake
[0.552s] -- Up-to-date: /home/qtl/ros2book/chapt2/chapt2_ws/install/demo_cpp_pkg/share/demo_cpp_pkg/package.xml
[0.554s] Invoked command in '/home/qtl/ros2book/chapt2/chapt2_ws/build/demo_cpp_pkg' returned '0': CMAKE_PREFIX_PATH=${CMAKE_PREFIX_PATH}:/home/qtl/ros2book/chapt2/chapt2_ws/install/demo_python_pkg:/opt/ros/lyrical /usr/bin/cmake --install /home/qtl/ros2book/chapt2/chapt2_ws/build/demo_cpp_pkg
