[0.011s] Invoking command in '/home/qtl/ros2book/chapt2/src/demo_cpp_pkg/build/demo_cpp_pkg': CMAKE_PREFIX_PATH=${CMAKE_PREFIX_PATH}:/opt/ros/lyrical /usr/bin/cmake /home/qtl/ros2book/chapt2/src/demo_cpp_pkg -DCMAKE_INSTALL_PREFIX=/home/qtl/ros2book/chapt2/src/demo_cpp_pkg/install/demo_cpp_pkg
[0.030s] -- Found ament_cmake: 2.8.8 (/opt/ros/lyrical/share/ament_cmake/cmake)
[0.188s] -- Found rclcpp: 32.0.2 (/opt/ros/lyrical/share/rclcpp/cmake)
[0.204s] -- Found rosidl_generator_c: 5.2.1 (/opt/ros/lyrical/share/rosidl_generator_c/cmake)
[0.207s] -- Found rosidl_generator_cpp: 5.2.1 (/opt/ros/lyrical/share/rosidl_generator_cpp/cmake)
[0.214s] -- Using all available rosidl_typesupport_c: rosidl_typesupport_fastrtps_c;rosidl_typesupport_introspection_c
[0.223s] -- Using all available rosidl_typesupport_cpp: rosidl_typesupport_fastrtps_cpp;rosidl_typesupport_introspection_cpp
[0.264s] -- Found rmw_implementation_cmake: 7.10.1 (/opt/ros/lyrical/share/rmw_implementation_cmake/cmake)
[0.265s] -- Found rmw_fastrtps_cpp: 9.4.9 (/opt/ros/lyrical/share/rmw_fastrtps_cpp/cmake)
[0.282s] -- Using RMW implementation 'rmw_fastrtps_cpp' as default
[0.327s] -- Found ament_lint_auto: 0.20.6 (/opt/ros/lyrical/share/ament_lint_auto/cmake)
[0.444s] -- Added test 'cppcheck' to perform static code analysis on C / C++ code
[0.444s] -- Configured cppcheck include dirs: 
[0.444s] -- Configured cppcheck exclude dirs and/or files: 
[0.447s] -- Added test 'flake8' to check Python code syntax and style conventions
[0.447s] -- Configured 'flake8' exclude dirs and/or files: 
[0.451s] -- Added test 'lint_cmake' to check CMake code style
[0.453s] -- Added test 'pep257' to check Python code against some of the docstring style conventions in PEP 257
[0.463s] -- Added test 'uncrustify' to check C / C++ code style
[0.463s] -- Configured uncrustify additional arguments: 
[0.465s] -- Added test 'xmllint' to check XML markup files
[0.468s] -- Configuring done (0.4s)
[0.484s] -- Generating done (0.0s)
[0.514s] -- Build files have been written to: /home/qtl/ros2book/chapt2/src/demo_cpp_pkg/build/demo_cpp_pkg
[0.520s] Invoked command in '/home/qtl/ros2book/chapt2/src/demo_cpp_pkg/build/demo_cpp_pkg' returned '0': CMAKE_PREFIX_PATH=${CMAKE_PREFIX_PATH}:/opt/ros/lyrical /usr/bin/cmake /home/qtl/ros2book/chapt2/src/demo_cpp_pkg -DCMAKE_INSTALL_PREFIX=/home/qtl/ros2book/chapt2/src/demo_cpp_pkg/install/demo_cpp_pkg
[0.521s] Invoking command in '/home/qtl/ros2book/chapt2/src/demo_cpp_pkg/build/demo_cpp_pkg': CMAKE_PREFIX_PATH=${CMAKE_PREFIX_PATH}:/opt/ros/lyrical /usr/bin/cmake --build /home/qtl/ros2book/chapt2/src/demo_cpp_pkg/build/demo_cpp_pkg -- -j32 -l32
[0.569s] [ 50%] [32mBuilding CXX object CMakeFiles/cpp_node.dir/src/cpp_node.cpp.o[0m
[3.668s] [100%] [1m[32mLinking CXX executable cpp_node[0m
[3.861s] [100%] Built target cpp_node
[3.873s] Invoked command in '/home/qtl/ros2book/chapt2/src/demo_cpp_pkg/build/demo_cpp_pkg' returned '0': CMAKE_PREFIX_PATH=${CMAKE_PREFIX_PATH}:/opt/ros/lyrical /usr/bin/cmake --build /home/qtl/ros2book/chapt2/src/demo_cpp_pkg/build/demo_cpp_pkg -- -j32 -l32
[3.882s] Invoking command in '/home/qtl/ros2book/chapt2/src/demo_cpp_pkg/build/demo_cpp_pkg': CMAKE_PREFIX_PATH=${CMAKE_PREFIX_PATH}:/opt/ros/lyrical /usr/bin/cmake --install /home/qtl/ros2book/chapt2/src/demo_cpp_pkg/build/demo_cpp_pkg
[3.890s] -- Install configuration: ""
[3.890s] -- Installing: /home/qtl/ros2book/chapt2/src/demo_cpp_pkg/install/demo_cpp_pkg/lib/demo_cpp_pkg/cpp_node
[3.891s] -- Set non-toolchain portion of runtime path of "/home/qtl/ros2book/chapt2/src/demo_cpp_pkg/install/demo_cpp_pkg/lib/demo_cpp_pkg/cpp_node" to ""
[3.892s] -- Installing: /home/qtl/ros2book/chapt2/src/demo_cpp_pkg/install/demo_cpp_pkg/share/ament_index/resource_index/package_run_dependencies/demo_cpp_pkg
[3.893s] -- Installing: /home/qtl/ros2book/chapt2/src/demo_cpp_pkg/install/demo_cpp_pkg/share/ament_index/resource_index/parent_prefix_path/demo_cpp_pkg
[3.893s] -- Installing: /home/qtl/ros2book/chapt2/src/demo_cpp_pkg/install/demo_cpp_pkg/share/demo_cpp_pkg/environment/ament_prefix_path.sh
[3.893s] -- Installing: /home/qtl/ros2book/chapt2/src/demo_cpp_pkg/install/demo_cpp_pkg/share/demo_cpp_pkg/environment/ament_prefix_path.dsv
[3.893s] -- Installing: /home/qtl/ros2book/chapt2/src/demo_cpp_pkg/install/demo_cpp_pkg/share/demo_cpp_pkg/environment/path.sh
[3.893s] -- Installing: /home/qtl/ros2book/chapt2/src/demo_cpp_pkg/install/demo_cpp_pkg/share/demo_cpp_pkg/environment/path.dsv
[3.894s] -- Installing: /home/qtl/ros2book/chapt2/src/demo_cpp_pkg/install/demo_cpp_pkg/share/demo_cpp_pkg/local_setup.bash
[3.894s] -- Installing: /home/qtl/ros2book/chapt2/src/demo_cpp_pkg/install/demo_cpp_pkg/share/demo_cpp_pkg/local_setup.fish
[3.894s] -- Installing: /home/qtl/ros2book/chapt2/src/demo_cpp_pkg/install/demo_cpp_pkg/share/demo_cpp_pkg/local_setup.sh
[3.894s] -- Installing: /home/qtl/ros2book/chapt2/src/demo_cpp_pkg/install/demo_cpp_pkg/share/demo_cpp_pkg/local_setup.zsh
[3.894s] -- Installing: /home/qtl/ros2book/chapt2/src/demo_cpp_pkg/install/demo_cpp_pkg/share/demo_cpp_pkg/local_setup.dsv
[3.895s] -- Installing: /home/qtl/ros2book/chapt2/src/demo_cpp_pkg/install/demo_cpp_pkg/share/demo_cpp_pkg/package.dsv
[3.895s] -- Installing: /home/qtl/ros2book/chapt2/src/demo_cpp_pkg/install/demo_cpp_pkg/share/ament_index/resource_index/packages/demo_cpp_pkg
[3.895s] -- Installing: /home/qtl/ros2book/chapt2/src/demo_cpp_pkg/install/demo_cpp_pkg/share/demo_cpp_pkg/cmake/demo_cpp_pkgConfig.cmake
[3.896s] -- Installing: /home/qtl/ros2book/chapt2/src/demo_cpp_pkg/install/demo_cpp_pkg/share/demo_cpp_pkg/cmake/demo_cpp_pkgConfig-version.cmake
[3.896s] -- Installing: /home/qtl/ros2book/chapt2/src/demo_cpp_pkg/install/demo_cpp_pkg/share/demo_cpp_pkg/package.xml
[3.898s] Invoked command in '/home/qtl/ros2book/chapt2/src/demo_cpp_pkg/build/demo_cpp_pkg' returned '0': CMAKE_PREFIX_PATH=${CMAKE_PREFIX_PATH}:/opt/ros/lyrical /usr/bin/cmake --install /home/qtl/ros2book/chapt2/src/demo_cpp_pkg/build/demo_cpp_pkg
