[0.773s] Invoking command in '/home/qtl/ros2book/chapt2/chapt2_ws/build/demo_python_pkg': AMENT_PREFIX_PATH=/home/qtl/ros2book/chapt2/chapt2_ws/install/demo_cpp_pkg:${AMENT_PREFIX_PATH} CMAKE_PREFIX_PATH=/home/qtl/ros2book/chapt2/chapt2_ws/install/demo_cpp_pkg:${CMAKE_PREFIX_PATH} PYTHONPATH=/home/qtl/ros2book/chapt2/chapt2_ws/build/demo_python_pkg/prefix_override:/usr/lib/python3/dist-packages/colcon_core/task/python/colcon_distutils_commands:/home/qtl/ros2book/chapt2/chapt2_ws/install/demo_python_pkg/lib/python3.14/site-packages:${PYTHONPATH} /usr/bin/python3 -W ignore:setup.py install is deprecated -W ignore:easy_install command is deprecated setup.py develop --uninstall --editable --build-directory /home/qtl/ros2book/chapt2/chapt2_ws/build/demo_python_pkg/build
[0.957s] running develop
[1.062s] Removing /home/qtl/ros2book/chapt2/chapt2_ws/install/demo_python_pkg/lib/python3.14/site-packages/demo-python-pkg.egg-link (link to .)
[1.086s] Invoked command in '/home/qtl/ros2book/chapt2/chapt2_ws/build/demo_python_pkg' returned '0': AMENT_PREFIX_PATH=/home/qtl/ros2book/chapt2/chapt2_ws/install/demo_cpp_pkg:${AMENT_PREFIX_PATH} CMAKE_PREFIX_PATH=/home/qtl/ros2book/chapt2/chapt2_ws/install/demo_cpp_pkg:${CMAKE_PREFIX_PATH} PYTHONPATH=/home/qtl/ros2book/chapt2/chapt2_ws/build/demo_python_pkg/prefix_override:/usr/lib/python3/dist-packages/colcon_core/task/python/colcon_distutils_commands:/home/qtl/ros2book/chapt2/chapt2_ws/install/demo_python_pkg/lib/python3.14/site-packages:${PYTHONPATH} /usr/bin/python3 -W ignore:setup.py install is deprecated -W ignore:easy_install command is deprecated setup.py develop --uninstall --editable --build-directory /home/qtl/ros2book/chapt2/chapt2_ws/build/demo_python_pkg/build
[1.088s] Invoking command in '/home/qtl/ros2book/chapt2/chapt2_ws/src/demo_python_pkg': AMENT_PREFIX_PATH=/home/qtl/ros2book/chapt2/chapt2_ws/install/demo_cpp_pkg:${AMENT_PREFIX_PATH} CMAKE_PREFIX_PATH=/home/qtl/ros2book/chapt2/chapt2_ws/install/demo_cpp_pkg:${CMAKE_PREFIX_PATH} PYTHONPATH=/home/qtl/ros2book/chapt2/chapt2_ws/build/demo_python_pkg/prefix_override:/usr/lib/python3/dist-packages/colcon_core/task/python/colcon_distutils_commands:/home/qtl/ros2book/chapt2/chapt2_ws/install/demo_python_pkg/lib/python3.14/site-packages:${PYTHONPATH} /usr/bin/python3 -W ignore:setup.py install is deprecated -W ignore:easy_install command is deprecated setup.py egg_info --egg-base ../../build/demo_python_pkg build --build-base /home/qtl/ros2book/chapt2/chapt2_ws/build/demo_python_pkg/build install --record /home/qtl/ros2book/chapt2/chapt2_ws/build/demo_python_pkg/install.log --install-scripts $base/lib/demo_python_pkg --single-version-externally-managed install_data --force
[1.275s] running egg_info
[1.285s] writing ../../build/demo_python_pkg/demo_python_pkg.egg-info/PKG-INFO
[1.286s] writing dependency_links to ../../build/demo_python_pkg/demo_python_pkg.egg-info/dependency_links.txt
[1.286s] writing entry points to ../../build/demo_python_pkg/demo_python_pkg.egg-info/entry_points.txt
[1.286s] writing requirements to ../../build/demo_python_pkg/demo_python_pkg.egg-info/requires.txt
[1.286s] writing top-level names to ../../build/demo_python_pkg/demo_python_pkg.egg-info/top_level.txt
[1.308s] reading manifest file '../../build/demo_python_pkg/demo_python_pkg.egg-info/SOURCES.txt'
[1.308s] adding license file 'LICENSE'
[1.309s] writing manifest file '../../build/demo_python_pkg/demo_python_pkg.egg-info/SOURCES.txt'
[1.309s] running build
[1.309s] running build_py
[1.309s] copying demo_python_pkg/python_node.py -> /home/qtl/ros2book/chapt2/chapt2_ws/build/demo_python_pkg/build/lib/demo_python_pkg
[1.310s] copying demo_python_pkg/write_node.py -> /home/qtl/ros2book/chapt2/chapt2_ws/build/demo_python_pkg/build/lib/demo_python_pkg
[1.311s] copying demo_python_pkg/person_node.py -> /home/qtl/ros2book/chapt2/chapt2_ws/build/demo_python_pkg/build/lib/demo_python_pkg
[1.311s] copying demo_python_pkg/__init__.py -> /home/qtl/ros2book/chapt2/chapt2_ws/build/demo_python_pkg/build/lib/demo_python_pkg
[1.311s] copying demo_python_pkg/py.typed -> /home/qtl/ros2book/chapt2/chapt2_ws/build/demo_python_pkg/build/lib/demo_python_pkg
[1.311s] running install
[1.314s] running install_lib
[1.324s] creating /home/qtl/ros2book/chapt2/chapt2_ws/install/demo_python_pkg/lib/python3.14/site-packages/demo_python_pkg
[1.324s] copying /home/qtl/ros2book/chapt2/chapt2_ws/build/demo_python_pkg/build/lib/demo_python_pkg/python_node.py -> /home/qtl/ros2book/chapt2/chapt2_ws/install/demo_python_pkg/lib/python3.14/site-packages/demo_python_pkg
[1.324s] copying /home/qtl/ros2book/chapt2/chapt2_ws/build/demo_python_pkg/build/lib/demo_python_pkg/write_node.py -> /home/qtl/ros2book/chapt2/chapt2_ws/install/demo_python_pkg/lib/python3.14/site-packages/demo_python_pkg
[1.324s] copying /home/qtl/ros2book/chapt2/chapt2_ws/build/demo_python_pkg/build/lib/demo_python_pkg/person_node.py -> /home/qtl/ros2book/chapt2/chapt2_ws/install/demo_python_pkg/lib/python3.14/site-packages/demo_python_pkg
[1.325s] copying /home/qtl/ros2book/chapt2/chapt2_ws/build/demo_python_pkg/build/lib/demo_python_pkg/__init__.py -> /home/qtl/ros2book/chapt2/chapt2_ws/install/demo_python_pkg/lib/python3.14/site-packages/demo_python_pkg
[1.325s] copying /home/qtl/ros2book/chapt2/chapt2_ws/build/demo_python_pkg/build/lib/demo_python_pkg/py.typed -> /home/qtl/ros2book/chapt2/chapt2_ws/install/demo_python_pkg/lib/python3.14/site-packages/demo_python_pkg
[1.325s] byte-compiling /home/qtl/ros2book/chapt2/chapt2_ws/install/demo_python_pkg/lib/python3.14/site-packages/demo_python_pkg/python_node.py to python_node.cpython-314.pyc
[1.326s] byte-compiling /home/qtl/ros2book/chapt2/chapt2_ws/install/demo_python_pkg/lib/python3.14/site-packages/demo_python_pkg/write_node.py to write_node.cpython-314.pyc
[1.326s] byte-compiling /home/qtl/ros2book/chapt2/chapt2_ws/install/demo_python_pkg/lib/python3.14/site-packages/demo_python_pkg/person_node.py to person_node.cpython-314.pyc
[1.326s] byte-compiling /home/qtl/ros2book/chapt2/chapt2_ws/install/demo_python_pkg/lib/python3.14/site-packages/demo_python_pkg/__init__.py to __init__.cpython-314.pyc
[1.327s] running install_data
[1.327s] copying resource/demo_python_pkg -> /home/qtl/ros2book/chapt2/chapt2_ws/install/demo_python_pkg/share/ament_index/resource_index/packages
[1.327s] copying package.xml -> /home/qtl/ros2book/chapt2/chapt2_ws/install/demo_python_pkg/share/demo_python_pkg
[1.328s] running install_egg_info
[1.338s] Copying ../../build/demo_python_pkg/demo_python_pkg.egg-info to /home/qtl/ros2book/chapt2/chapt2_ws/install/demo_python_pkg/lib/python3.14/site-packages/demo_python_pkg-0.0.0-py3.14.egg-info
[1.339s] running install_scripts
[1.398s] Installing person_node script to /home/qtl/ros2book/chapt2/chapt2_ws/install/demo_python_pkg/lib/demo_python_pkg
[1.398s] Installing python_node script to /home/qtl/ros2book/chapt2/chapt2_ws/install/demo_python_pkg/lib/demo_python_pkg
[1.398s] Installing write_node script to /home/qtl/ros2book/chapt2/chapt2_ws/install/demo_python_pkg/lib/demo_python_pkg
[1.399s] writing list of installed files to '/home/qtl/ros2book/chapt2/chapt2_ws/build/demo_python_pkg/install.log'
[1.418s] Invoked command in '/home/qtl/ros2book/chapt2/chapt2_ws/src/demo_python_pkg' returned '0': AMENT_PREFIX_PATH=/home/qtl/ros2book/chapt2/chapt2_ws/install/demo_cpp_pkg:${AMENT_PREFIX_PATH} CMAKE_PREFIX_PATH=/home/qtl/ros2book/chapt2/chapt2_ws/install/demo_cpp_pkg:${CMAKE_PREFIX_PATH} PYTHONPATH=/home/qtl/ros2book/chapt2/chapt2_ws/build/demo_python_pkg/prefix_override:/usr/lib/python3/dist-packages/colcon_core/task/python/colcon_distutils_commands:/home/qtl/ros2book/chapt2/chapt2_ws/install/demo_python_pkg/lib/python3.14/site-packages:${PYTHONPATH} /usr/bin/python3 -W ignore:setup.py install is deprecated -W ignore:easy_install command is deprecated setup.py egg_info --egg-base ../../build/demo_python_pkg build --build-base /home/qtl/ros2book/chapt2/chapt2_ws/build/demo_python_pkg/build install --record /home/qtl/ros2book/chapt2/chapt2_ws/build/demo_python_pkg/install.log --install-scripts $base/lib/demo_python_pkg --single-version-externally-managed install_data --force
