[0.196s] Invoking command in '/home/qtl/ros2book/chapt2/build/ros2_cpp': /usr/bin/cmake /home/qtl/ros2book/chapt2/src/ros2_cpp -DCMAKE_INSTALL_PREFIX=/home/qtl/ros2book/chapt2/install/ros2_cpp
[0.242s] CMake Deprecation Warning at CMakeLists.txt:1 (cmake_minimum_required):
[0.242s]   Compatibility with CMake < 3.10 will be removed from a future version of
[0.242s]   CMake.
[0.242s] 
[0.242s]   Update the VERSION argument <min> value.  Or, use the <min>...<max> syntax
[0.242s]   to tell CMake that the project requires at least <min> but has been updated
[0.242s]   to work with policies introduced by <max> or earlier.
[0.242s] 
[0.242s] 
[0.465s] -- The C compiler identification is GNU 15.2.0
[1.402s] -- The CXX compiler identification is GNU 15.2.0
[2.107s] -- Detecting C compiler ABI info
[2.301s] -- Detecting C compiler ABI info - done
[2.312s] -- Check for working C compiler: /usr/bin/cc - skipped
[2.313s] -- Detecting C compile features
[2.313s] -- Detecting C compile features - done
[2.327s] -- Detecting CXX compiler ABI info
[2.525s] -- Detecting CXX compiler ABI info - done
[2.536s] -- Check for working CXX compiler: /usr/bin/c++ - skipped
[2.536s] -- Detecting CXX compile features
[2.536s] -- Detecting CXX compile features - done
[2.552s] -- Found rclcpp: 32.0.2 (/opt/ros/lyrical/share/rclcpp/cmake)
[2.894s] -- Found rosidl_generator_c: 5.2.1 (/opt/ros/lyrical/share/rosidl_generator_c/cmake)
[2.908s] -- Found rosidl_generator_cpp: 5.2.1 (/opt/ros/lyrical/share/rosidl_generator_cpp/cmake)
[2.933s] -- Using all available rosidl_typesupport_c: rosidl_typesupport_fastrtps_c;rosidl_typesupport_introspection_c
[2.954s] -- Using all available rosidl_typesupport_cpp: rosidl_typesupport_fastrtps_cpp;rosidl_typesupport_introspection_cpp
[3.040s] -- Found rmw_implementation_cmake: 7.10.1 (/opt/ros/lyrical/share/rmw_implementation_cmake/cmake)
[3.045s] -- Found rmw_fastrtps_cpp: 9.4.9 (/opt/ros/lyrical/share/rmw_fastrtps_cpp/cmake)
[3.087s] -- Using RMW implementation 'rmw_fastrtps_cpp' as default
[3.170s] -- Configuring done (2.9s)
[3.256s] -- Generating done (0.1s)
[3.290s] -- Build files have been written to: /home/qtl/ros2book/chapt2/build/ros2_cpp
[3.297s] Invoked command in '/home/qtl/ros2book/chapt2/build/ros2_cpp' returned '0': /usr/bin/cmake /home/qtl/ros2book/chapt2/src/ros2_cpp -DCMAKE_INSTALL_PREFIX=/home/qtl/ros2book/chapt2/install/ros2_cpp
[3.298s] Invoking command in '/home/qtl/ros2book/chapt2/build/ros2_cpp': /usr/bin/cmake --build /home/qtl/ros2book/chapt2/build/ros2_cpp -- -j32 -l32
[3.348s] [ 50%] Building CXX object CMakeFiles/ros2_cpp_node.dir/ros2_cpp_node.cpp.o
[6.470s] [100%] Linking CXX executable ros2_cpp_node
[6.838s] [100%] Built target ros2_cpp_node
[6.848s] Invoked command in '/home/qtl/ros2book/chapt2/build/ros2_cpp' returned '0': /usr/bin/cmake --build /home/qtl/ros2book/chapt2/build/ros2_cpp -- -j32 -l32
