[0.814s] Invoking command in '/home/qtl/ros2book/chapt2/chapt2_ws/src/demo_python_pkg': PYTHONPATH=/home/qtl/ros2book/chapt2/chapt2_ws/build/demo_python_pkg/prefix_override:/usr/lib/python3/dist-packages/colcon_core/task/python/colcon_distutils_commands:/home/qtl/ros2book/chapt2/chapt2_ws/install/demo_python_pkg/lib/python3.14/site-packages:${PYTHONPATH} /usr/bin/python3 -W ignore:setup.py install is deprecated -W ignore:easy_install command is deprecated setup.py egg_info --egg-base ../../build/demo_python_pkg build --build-base /home/qtl/ros2book/chapt2/chapt2_ws/build/demo_python_pkg/build install --record /home/qtl/ros2book/chapt2/chapt2_ws/build/demo_python_pkg/install.log --install-scripts $base/lib/demo_python_pkg --single-version-externally-managed install_data
[0.991s] running egg_info
[1.001s] writing ../../build/demo_python_pkg/demo_python_pkg.egg-info/PKG-INFO
[1.002s] writing dependency_links to ../../build/demo_python_pkg/demo_python_pkg.egg-info/dependency_links.txt
[1.002s] writing entry points to ../../build/demo_python_pkg/demo_python_pkg.egg-info/entry_points.txt
[1.002s] writing requirements to ../../build/demo_python_pkg/demo_python_pkg.egg-info/requires.txt
[1.002s] writing top-level names to ../../build/demo_python_pkg/demo_python_pkg.egg-info/top_level.txt
[1.025s] reading manifest file '../../build/demo_python_pkg/demo_python_pkg.egg-info/SOURCES.txt'
[1.025s] adding license file 'LICENSE'
[1.025s] writing manifest file '../../build/demo_python_pkg/demo_python_pkg.egg-info/SOURCES.txt'
[1.026s] running build
[1.026s] running build_py
[1.026s] copying demo_python_pkg/python_node.py -> /home/qtl/ros2book/chapt2/chapt2_ws/build/demo_python_pkg/build/lib/demo_python_pkg
[1.027s] copying demo_python_pkg/write_node.py -> /home/qtl/ros2book/chapt2/chapt2_ws/build/demo_python_pkg/build/lib/demo_python_pkg
[1.027s] copying demo_python_pkg/person_node.py -> /home/qtl/ros2book/chapt2/chapt2_ws/build/demo_python_pkg/build/lib/demo_python_pkg
[1.027s] copying demo_python_pkg/__init__.py -> /home/qtl/ros2book/chapt2/chapt2_ws/build/demo_python_pkg/build/lib/demo_python_pkg
[1.027s] copying demo_python_pkg/py.typed -> /home/qtl/ros2book/chapt2/chapt2_ws/build/demo_python_pkg/build/lib/demo_python_pkg
[1.028s] running install
[1.031s] running install_lib
[1.041s] copying /home/qtl/ros2book/chapt2/chapt2_ws/build/demo_python_pkg/build/lib/demo_python_pkg/write_node.py -> /home/qtl/ros2book/chapt2/chapt2_ws/install/demo_python_pkg/lib/python3.14/site-packages/demo_python_pkg
[1.042s] byte-compiling /home/qtl/ros2book/chapt2/chapt2_ws/install/demo_python_pkg/lib/python3.14/site-packages/demo_python_pkg/write_node.py to write_node.cpython-314.pyc
[1.042s] running install_data
[1.042s] copying resource/demo_python_pkg -> /home/qtl/ros2book/chapt2/chapt2_ws/install/demo_python_pkg/share/ament_index/resource_index/packages
[1.043s] copying package.xml -> /home/qtl/ros2book/chapt2/chapt2_ws/install/demo_python_pkg/share/demo_python_pkg
[1.043s] running install_egg_info
[1.054s] removing '/home/qtl/ros2book/chapt2/chapt2_ws/install/demo_python_pkg/lib/python3.14/site-packages/demo_python_pkg-0.0.0-py3.14.egg-info' (and everything under it)
[1.054s] Copying ../../build/demo_python_pkg/demo_python_pkg.egg-info to /home/qtl/ros2book/chapt2/chapt2_ws/install/demo_python_pkg/lib/python3.14/site-packages/demo_python_pkg-0.0.0-py3.14.egg-info
[1.056s] running install_scripts
[1.117s] Installing person_node script to /home/qtl/ros2book/chapt2/chapt2_ws/install/demo_python_pkg/lib/demo_python_pkg
[1.118s] Installing python_node script to /home/qtl/ros2book/chapt2/chapt2_ws/install/demo_python_pkg/lib/demo_python_pkg
[1.118s] Installing write_node script to /home/qtl/ros2book/chapt2/chapt2_ws/install/demo_python_pkg/lib/demo_python_pkg
[1.118s] writing list of installed files to '/home/qtl/ros2book/chapt2/chapt2_ws/build/demo_python_pkg/install.log'
[1.142s] Invoked command in '/home/qtl/ros2book/chapt2/chapt2_ws/src/demo_python_pkg' returned '0': PYTHONPATH=/home/qtl/ros2book/chapt2/chapt2_ws/build/demo_python_pkg/prefix_override:/usr/lib/python3/dist-packages/colcon_core/task/python/colcon_distutils_commands:/home/qtl/ros2book/chapt2/chapt2_ws/install/demo_python_pkg/lib/python3.14/site-packages:${PYTHONPATH} /usr/bin/python3 -W ignore:setup.py install is deprecated -W ignore:easy_install command is deprecated setup.py egg_info --egg-base ../../build/demo_python_pkg build --build-base /home/qtl/ros2book/chapt2/chapt2_ws/build/demo_python_pkg/build install --record /home/qtl/ros2book/chapt2/chapt2_ws/build/demo_python_pkg/install.log --install-scripts $base/lib/demo_python_pkg --single-version-externally-managed install_data
