[0.011s] Invoking command in '/home/qtl/ros2book/chapt2/chapt2_ws/build/demo_cpp_pkg': CMAKE_PREFIX_PATH=${CMAKE_PREFIX_PATH}:/home/qtl/ros2book/chapt2/chapt2_ws/install/demo_python_pkg:/opt/ros/lyrical /usr/bin/cmake --build /home/qtl/ros2book/chapt2/chapt2_ws/build/demo_cpp_pkg -- -j32 -l32
[0.057s] [ 50%] Built target learn_shared_ptr
[0.057s] [ 40%] [32mBuilding CXX object CMakeFiles/learn_lambda.dir/src/learn_lambda.cpp.o[0m
[0.057s] [ 50%] Built target learn_auto
[0.057s] [ 70%] Built target person_node
[0.058s] [ 90%] Built target cpp_node
[0.246s] [100%] [1m[32mLinking CXX executable learn_lambda[0m
[0.401s] [100%] Built target learn_lambda
[0.411s] Invoked command in '/home/qtl/ros2book/chapt2/chapt2_ws/build/demo_cpp_pkg' returned '0': CMAKE_PREFIX_PATH=${CMAKE_PREFIX_PATH}:/home/qtl/ros2book/chapt2/chapt2_ws/install/demo_python_pkg:/opt/ros/lyrical /usr/bin/cmake --build /home/qtl/ros2book/chapt2/chapt2_ws/build/demo_cpp_pkg -- -j32 -l32
[0.420s] Invoking command in '/home/qtl/ros2book/chapt2/chapt2_ws/build/demo_cpp_pkg': CMAKE_PREFIX_PATH=${CMAKE_PREFIX_PATH}:/home/qtl/ros2book/chapt2/chapt2_ws/install/demo_python_pkg:/opt/ros/lyrical /usr/bin/cmake --install /home/qtl/ros2book/chapt2/chapt2_ws/build/demo_cpp_pkg
[0.426s] -- Install configuration: ""
[0.426s] -- Up-to-date: /home/qtl/ros2book/chapt2/chapt2_ws/install/demo_cpp_pkg/lib/demo_cpp_pkg/cpp_node
[0.427s] -- Up-to-date: /home/qtl/ros2book/chapt2/chapt2_ws/install/demo_cpp_pkg/lib/demo_cpp_pkg/person_node
[0.427s] -- Up-to-date: /home/qtl/ros2book/chapt2/chapt2_ws/install/demo_cpp_pkg/share/ament_index/resource_index/package_run_dependencies/demo_cpp_pkg
[0.427s] -- Installing: /home/qtl/ros2book/chapt2/chapt2_ws/install/demo_cpp_pkg/share/ament_index/resource_index/parent_prefix_path/demo_cpp_pkg
[0.427s] -- Up-to-date: /home/qtl/ros2book/chapt2/chapt2_ws/install/demo_cpp_pkg/share/demo_cpp_pkg/environment/ament_prefix_path.sh
[0.427s] -- Up-to-date: /home/qtl/ros2book/chapt2/chapt2_ws/install/demo_cpp_pkg/share/demo_cpp_pkg/environment/ament_prefix_path.dsv
[0.428s] -- Up-to-date: /home/qtl/ros2book/chapt2/chapt2_ws/install/demo_cpp_pkg/share/demo_cpp_pkg/environment/path.sh
[0.428s] -- Up-to-date: /home/qtl/ros2book/chapt2/chapt2_ws/install/demo_cpp_pkg/share/demo_cpp_pkg/environment/path.dsv
[0.428s] -- Up-to-date: /home/qtl/ros2book/chapt2/chapt2_ws/install/demo_cpp_pkg/share/demo_cpp_pkg/local_setup.bash
[0.428s] -- Up-to-date: /home/qtl/ros2book/chapt2/chapt2_ws/install/demo_cpp_pkg/share/demo_cpp_pkg/local_setup.fish
[0.428s] -- Up-to-date: /home/qtl/ros2book/chapt2/chapt2_ws/install/demo_cpp_pkg/share/demo_cpp_pkg/local_setup.sh
[0.428s] -- Up-to-date: /home/qtl/ros2book/chapt2/chapt2_ws/install/demo_cpp_pkg/share/demo_cpp_pkg/local_setup.zsh
[0.428s] -- Up-to-date: /home/qtl/ros2book/chapt2/chapt2_ws/install/demo_cpp_pkg/share/demo_cpp_pkg/local_setup.dsv
[0.428s] -- Installing: /home/qtl/ros2book/chapt2/chapt2_ws/install/demo_cpp_pkg/share/demo_cpp_pkg/package.dsv
[0.428s] -- Up-to-date: /home/qtl/ros2book/chapt2/chapt2_ws/install/demo_cpp_pkg/share/ament_index/resource_index/packages/demo_cpp_pkg
[0.428s] -- Up-to-date: /home/qtl/ros2book/chapt2/chapt2_ws/install/demo_cpp_pkg/share/demo_cpp_pkg/cmake/demo_cpp_pkgConfig.cmake
[0.428s] -- Up-to-date: /home/qtl/ros2book/chapt2/chapt2_ws/install/demo_cpp_pkg/share/demo_cpp_pkg/cmake/demo_cpp_pkgConfig-version.cmake
[0.428s] -- Up-to-date: /home/qtl/ros2book/chapt2/chapt2_ws/install/demo_cpp_pkg/share/demo_cpp_pkg/package.xml
[0.430s] Invoked command in '/home/qtl/ros2book/chapt2/chapt2_ws/build/demo_cpp_pkg' returned '0': CMAKE_PREFIX_PATH=${CMAKE_PREFIX_PATH}:/home/qtl/ros2book/chapt2/chapt2_ws/install/demo_python_pkg:/opt/ros/lyrical /usr/bin/cmake --install /home/qtl/ros2book/chapt2/chapt2_ws/build/demo_cpp_pkg
