[0.786s] Invoking command in '/home/qtl/ros2book/chapt2/chapt2_ws/src/demo_python_pkg': PYTHONPATH=/home/qtl/ros2book/chapt2/chapt2_ws/build/demo_python_pkg/prefix_override:/usr/lib/python3/dist-packages/colcon_core/task/python/colcon_distutils_commands:/home/qtl/ros2book/chapt2/chapt2_ws/install/demo_python_pkg/lib/python3.14/site-packages:${PYTHONPATH} /usr/bin/python3 -W ignore:setup.py install is deprecated -W ignore:easy_install command is deprecated setup.py egg_info --egg-base ../../build/demo_python_pkg build --build-base /home/qtl/ros2book/chapt2/chapt2_ws/build/demo_python_pkg/build install --record /home/qtl/ros2book/chapt2/chapt2_ws/build/demo_python_pkg/install.log --install-scripts $base/lib/demo_python_pkg --single-version-externally-managed install_data
[0.968s] running egg_info
[0.978s] writing ../../build/demo_python_pkg/demo_python_pkg.egg-info/PKG-INFO
[0.979s] writing dependency_links to ../../build/demo_python_pkg/demo_python_pkg.egg-info/dependency_links.txt
[0.980s] writing entry points to ../../build/demo_python_pkg/demo_python_pkg.egg-info/entry_points.txt
[0.980s] writing requirements to ../../build/demo_python_pkg/demo_python_pkg.egg-info/requires.txt
[0.980s] writing top-level names to ../../build/demo_python_pkg/demo_python_pkg.egg-info/top_level.txt
[1.002s] reading manifest file '../../build/demo_python_pkg/demo_python_pkg.egg-info/SOURCES.txt'
[1.002s] adding license file 'LICENSE'
[1.003s] writing manifest file '../../build/demo_python_pkg/demo_python_pkg.egg-info/SOURCES.txt'
[1.003s] running build
[1.003s] running build_py
[1.003s] copying demo_python_pkg/python_node.py -> /home/qtl/ros2book/chapt2/chapt2_ws/build/demo_python_pkg/build/lib/demo_python_pkg
[1.004s] copying demo_python_pkg/write_node.py -> /home/qtl/ros2book/chapt2/chapt2_ws/build/demo_python_pkg/build/lib/demo_python_pkg
[1.005s] copying demo_python_pkg/person_node.py -> /home/qtl/ros2book/chapt2/chapt2_ws/build/demo_python_pkg/build/lib/demo_python_pkg
[1.005s] copying demo_python_pkg/__init__.py -> /home/qtl/ros2book/chapt2/chapt2_ws/build/demo_python_pkg/build/lib/demo_python_pkg
[1.005s] copying demo_python_pkg/py.typed -> /home/qtl/ros2book/chapt2/chapt2_ws/build/demo_python_pkg/build/lib/demo_python_pkg
[1.006s] running install
[1.008s] running install_lib
[1.019s] copying /home/qtl/ros2book/chapt2/chapt2_ws/build/demo_python_pkg/build/lib/demo_python_pkg/write_node.py -> /home/qtl/ros2book/chapt2/chapt2_ws/install/demo_python_pkg/lib/python3.14/site-packages/demo_python_pkg
[1.020s] byte-compiling /home/qtl/ros2book/chapt2/chapt2_ws/install/demo_python_pkg/lib/python3.14/site-packages/demo_python_pkg/write_node.py to write_node.cpython-314.pyc
[1.020s] running install_data
[1.021s] copying resource/demo_python_pkg -> /home/qtl/ros2book/chapt2/chapt2_ws/install/demo_python_pkg/share/ament_index/resource_index/packages
[1.021s] copying package.xml -> /home/qtl/ros2book/chapt2/chapt2_ws/install/demo_python_pkg/share/demo_python_pkg
[1.021s] running install_egg_info
[1.031s] removing '/home/qtl/ros2book/chapt2/chapt2_ws/install/demo_python_pkg/lib/python3.14/site-packages/demo_python_pkg-0.0.0-py3.14.egg-info' (and everything under it)
[1.032s] Copying ../../build/demo_python_pkg/demo_python_pkg.egg-info to /home/qtl/ros2book/chapt2/chapt2_ws/install/demo_python_pkg/lib/python3.14/site-packages/demo_python_pkg-0.0.0-py3.14.egg-info
[1.033s] running install_scripts
[1.093s] Installing person_node script to /home/qtl/ros2book/chapt2/chapt2_ws/install/demo_python_pkg/lib/demo_python_pkg
[1.094s] Installing python_node script to /home/qtl/ros2book/chapt2/chapt2_ws/install/demo_python_pkg/lib/demo_python_pkg
[1.094s] Installing write_node script to /home/qtl/ros2book/chapt2/chapt2_ws/install/demo_python_pkg/lib/demo_python_pkg
[1.094s] writing list of installed files to '/home/qtl/ros2book/chapt2/chapt2_ws/build/demo_python_pkg/install.log'
[1.115s] Invoked command in '/home/qtl/ros2book/chapt2/chapt2_ws/src/demo_python_pkg' returned '0': PYTHONPATH=/home/qtl/ros2book/chapt2/chapt2_ws/build/demo_python_pkg/prefix_override:/usr/lib/python3/dist-packages/colcon_core/task/python/colcon_distutils_commands:/home/qtl/ros2book/chapt2/chapt2_ws/install/demo_python_pkg/lib/python3.14/site-packages:${PYTHONPATH} /usr/bin/python3 -W ignore:setup.py install is deprecated -W ignore:easy_install command is deprecated setup.py egg_info --egg-base ../../build/demo_python_pkg build --build-base /home/qtl/ros2book/chapt2/chapt2_ws/build/demo_python_pkg/build install --record /home/qtl/ros2book/chapt2/chapt2_ws/build/demo_python_pkg/install.log --install-scripts $base/lib/demo_python_pkg --single-version-externally-managed install_data
