[0.014s] Invoking command in '/home/qtl/ros2book/chapt2/chapt2_ws/build/demo_cpp_pkg': CMAKE_PREFIX_PATH=${CMAKE_PREFIX_PATH}:/home/qtl/ros2book/chapt2/chapt2_ws/install/demo_python_pkg:/opt/ros/lyrical /usr/bin/cmake --build /home/qtl/ros2book/chapt2/chapt2_ws/build/demo_cpp_pkg -- -j32 -l32
[0.073s] -- Found ament_cmake: 2.8.8 (/opt/ros/lyrical/share/ament_cmake/cmake)
[0.240s] -- Found rclcpp: 32.0.2 (/opt/ros/lyrical/share/rclcpp/cmake)
[0.272s] -- Found rosidl_generator_c: 5.2.1 (/opt/ros/lyrical/share/rosidl_generator_c/cmake)
[0.279s] -- Found rosidl_generator_cpp: 5.2.1 (/opt/ros/lyrical/share/rosidl_generator_cpp/cmake)
[0.292s] -- Using all available rosidl_typesupport_c: rosidl_typesupport_fastrtps_c;rosidl_typesupport_introspection_c
[0.304s] -- Using all available rosidl_typesupport_cpp: rosidl_typesupport_fastrtps_cpp;rosidl_typesupport_introspection_cpp
[0.367s] -- Found rmw_implementation_cmake: 7.10.1 (/opt/ros/lyrical/share/rmw_implementation_cmake/cmake)
[0.369s] -- Found rmw_fastrtps_cpp: 9.4.9 (/opt/ros/lyrical/share/rmw_fastrtps_cpp/cmake)
[0.399s] -- Using RMW implementation 'rmw_fastrtps_cpp' as default
[0.466s] -- Found ament_lint_auto: 0.20.6 (/opt/ros/lyrical/share/ament_lint_auto/cmake)
[0.574s] -- Added test 'cppcheck' to perform static code analysis on C / C++ code
[0.574s] -- Configured cppcheck include dirs: 
[0.574s] -- Configured cppcheck exclude dirs and/or files: 
[0.577s] -- Added test 'flake8' to check Python code syntax and style conventions
[0.577s] -- Configured 'flake8' exclude dirs and/or files: 
[0.581s] -- Added test 'lint_cmake' to check CMake code style
[0.584s] -- Added test 'pep257' to check Python code against some of the docstring style conventions in PEP 257
[0.601s] -- Added test 'uncrustify' to check C / C++ code style
[0.601s] -- Configured uncrustify additional arguments: 
[0.604s] -- Added test 'xmllint' to check XML markup files
[0.605s] -- Configuring done (0.5s)
[0.630s] -- Generating done (0.0s)
[0.657s] -- Build files have been written to: /home/qtl/ros2book/chapt2/chapt2_ws/build/demo_cpp_pkg
[0.690s] [ 10%] [32mBuilding CXX object CMakeFiles/learn_lambda.dir/src/learn_lambda.cpp.o[0m
[0.690s] [ 20%] [32mBuilding CXX object CMakeFiles/learn_auto.dir/src/learn_auto.cpp.o[0m
[0.692s] [ 30%] [32mBuilding CXX object CMakeFiles/learn_shared_ptr.dir/src/learn_shared_ptr.cpp.o[0m
[0.697s] [ 50%] Built target person_node
[0.698s] [ 70%] Built target cpp_node
[0.910s] [01m[K/home/qtl/ros2book/chapt2/chapt2_ws/src/demo_cpp_pkg/src/learn_lambda.cpp:[m[K In lambda function:
[0.910s] [01m[K/home/qtl/ros2book/chapt2/chapt2_ws/src/demo_cpp_pkg/src/learn_lambda.cpp:5:53:[m[K [01;31m[Kerror: [m[Kexpected ‘[01m[K;[m[K’ before ‘[01m[K}[m[K’ token
[0.910s]     5 |     auto add = [](int a, int b) -> int {return a + b[01;31m[K}[m[K;
[0.910s]       |                                                     [01;31m[K^[m[K
[0.910s]       |                                                     [32m[K;[m[K
[0.935s] gmake[2]: *** [CMakeFiles/learn_lambda.dir/build.make:79: CMakeFiles/learn_lambda.dir/src/learn_lambda.cpp.o] Error 1
[0.935s] gmake[1]: *** [CMakeFiles/Makefile2:293: CMakeFiles/learn_lambda.dir/all] Error 2
[0.935s] gmake[1]: *** Waiting for unfinished jobs....
[0.940s] [ 80%] [1m[32mLinking CXX executable learn_auto[0m
[1.001s] [ 90%] [1m[32mLinking CXX executable learn_shared_ptr[0m
[1.110s] [ 90%] Built target learn_auto
[1.158s] [ 90%] Built target learn_shared_ptr
[1.159s] gmake: *** [Makefile:146: all] Error 2
[1.161s] Invoked command in '/home/qtl/ros2book/chapt2/chapt2_ws/build/demo_cpp_pkg' returned '2': CMAKE_PREFIX_PATH=${CMAKE_PREFIX_PATH}:/home/qtl/ros2book/chapt2/chapt2_ws/install/demo_python_pkg:/opt/ros/lyrical /usr/bin/cmake --build /home/qtl/ros2book/chapt2/chapt2_ws/build/demo_cpp_pkg -- -j32 -l32
